2026-07-04 10:00:26.946 [autumn-gateway-examples-service-a] [main] [] INFO  x.w.a.g.e.service.a.AExampleServiceABootstrap.logStarting - Starting AExampleServiceABootstrap using Java 25.0.2 with PID 9345 (/Users/mac/work/project/autumn-gateway/autumn-gateway-examples/autumn-gateway-examples-service-a/target/classes started by mac in /Users/mac/work/project/autumn-gateway)
2026-07-04 10:00:26.949 [autumn-gateway-examples-service-a] [main] [] INFO  x.w.a.g.e.service.a.AExampleServiceABootstrap.logStartupProfileInfo - No active profile set, falling back to 1 default profile: "default"
2026-07-04 10:00:27.059 [autumn-gateway-examples-service-a] [background-preinit] [] INFO  org.hibernate.validator.internal.util.Version.<clinit> - HV000001: Hibernate Validator 9.1.0.Final
2026-07-04 10:00:27.432 [autumn-gateway-examples-service-a] [main] [] INFO  o.springframework.cloud.context.scope.GenericScope.setSerializationId - BeanFactory id=d599cb69-c648-33e4-855c-c525396ee83e
2026-07-04 10:00:27.620 [autumn-gateway-examples-service-a] [main] [] INFO  org.springframework.boot.tomcat.TomcatWebServer.initialize - Tomcat initialized with port 8081 (http)
2026-07-04 10:00:27.631 [autumn-gateway-examples-service-a] [main] [] INFO  org.apache.coyote.http11.Http11NioProtocol.log - Initializing ProtocolHandler ["http-nio-8081"]
2026-07-04 10:00:27.633 [autumn-gateway-examples-service-a] [main] [] INFO  org.apache.catalina.core.StandardService.log - Starting service [Tomcat]
2026-07-04 10:00:27.633 [autumn-gateway-examples-service-a] [main] [] INFO  org.apache.catalina.core.StandardEngine.log - Starting Servlet engine: [Apache Tomcat/11.0.22]
2026-07-04 10:00:27.673 [autumn-gateway-examples-service-a] [main] [] INFO  o.s.b.w.c.servlet.WebApplicationContextInitializer.prepareWebApplicationContext - Root WebApplicationContext: initialization completed in 691 ms
2026-07-04 10:00:28.206 [autumn-gateway-examples-service-a] [main] [] WARN  o.s.c.l.c.LoadBalancerCacheAutoConfiguration$LoadBalancerCaffeineWarnLogger.afterPropertiesSet - Spring Cloud LoadBalancer is currently working with the default cache. While this cache implementation is useful for development and tests, it's recommended to use Caffeine cache in production.You can switch to using Caffeine cache, by adding it and org.springframework.cache.caffeine.CaffeineCacheManager to the classpath.
2026-07-04 10:00:28.218 [autumn-gateway-examples-service-a] [main] [] INFO  org.apache.coyote.http11.Http11NioProtocol.log - Starting ProtocolHandler ["http-nio-8081"]
2026-07-04 10:00:28.225 [autumn-gateway-examples-service-a] [main] [] INFO  org.springframework.boot.tomcat.TomcatWebServer.start - Tomcat started on port 8081 (http) with context path '/'
2026-07-04 10:00:28.227 [autumn-gateway-examples-service-a] [main] [] INFO  o.s.c.consul.serviceregistry.ConsulServiceRegistry.register - Registering service with consul: [NewService@7ac058a0 id = 'autumn-gateway-examples-service-a-8081', name = 'autumn-gateway-examples-service-a', tags = list[[empty]], address = '192.168.1.39', meta = map['secure' -> 'false'], port = 8081, enableTagOverride = [null], check = [NewService.Check@736b21ee args = [null], dockerContainerID = [null], shell = [null], interval = '10s', ttl = [null], http = 'http://192.168.1.39:8081/health', method = [null], header = map[[empty]], tcp = [null], timeout = '3s', deregisterCriticalServiceAfter = [null], tlsSkipVerify = [null], status = [null], grpc = [null], grpcUseTLS = [null]], checks = [null]]
2026-07-04 10:00:28.337 [autumn-gateway-examples-service-a] [main] [] INFO  x.w.a.g.e.service.a.AExampleServiceABootstrap.logStarted - Started AExampleServiceABootstrap in 1.821 seconds (process running for 2.237)
2026-07-04 10:00:38.219 [autumn-gateway-examples-service-a] [http-nio-8081-exec-1] [] INFO  o.a.c.core.ContainerBase.[Tomcat].[localhost].[/].log - Initializing Spring DispatcherServlet 'dispatcherServlet'
2026-07-04 10:00:38.219 [autumn-gateway-examples-service-a] [http-nio-8081-exec-1] [] INFO  org.springframework.web.servlet.DispatcherServlet.initServletBean - Initializing Servlet 'dispatcherServlet'
2026-07-04 10:00:38.220 [autumn-gateway-examples-service-a] [http-nio-8081-exec-1] [] INFO  org.springframework.web.servlet.DispatcherServlet.initServletBean - Completed initialization in 1 ms
2026-07-04 10:03:09.393 [autumn-gateway-examples-service-a] [SpringApplicationShutdownHook] [] INFO  org.springframework.boot.tomcat.GracefulShutdown.shutDownGracefully - Commencing graceful shutdown. Waiting for active requests to complete
2026-07-04 10:03:11.403 [autumn-gateway-examples-service-a] [tomcat-shutdown] [] INFO  org.springframework.boot.tomcat.GracefulShutdown.doShutdown - Graceful shutdown complete
2026-07-04 10:03:11.406 [autumn-gateway-examples-service-a] [SpringApplicationShutdownHook] [] INFO  o.s.c.consul.serviceregistry.ConsulServiceRegistry.deregister - Deregistering service with consul: autumn-gateway-examples-service-a-8081
2026-07-04 10:03:48.643 [service-a] [main] [] INFO  x.w.a.g.e.service.a.AExampleServiceABootstrap.logStarting - Starting AExampleServiceABootstrap using Java 25.0.2 with PID 9440 (/Users/mac/work/project/autumn-gateway/autumn-gateway-examples/autumn-gateway-examples-service-a/target/classes started by mac in /Users/mac/work/project/autumn-gateway)
2026-07-04 10:03:48.645 [service-a] [main] [] INFO  x.w.a.g.e.service.a.AExampleServiceABootstrap.logStartupProfileInfo - No active profile set, falling back to 1 default profile: "default"
2026-07-04 10:03:48.754 [service-a] [background-preinit] [] INFO  org.hibernate.validator.internal.util.Version.<clinit> - HV000001: Hibernate Validator 9.1.0.Final
2026-07-04 10:03:49.136 [service-a] [main] [] INFO  o.springframework.cloud.context.scope.GenericScope.setSerializationId - BeanFactory id=d599cb69-c648-33e4-855c-c525396ee83e
2026-07-04 10:03:49.357 [service-a] [main] [] INFO  org.springframework.boot.tomcat.TomcatWebServer.initialize - Tomcat initialized with port 8081 (http)
2026-07-04 10:03:49.368 [service-a] [main] [] INFO  org.apache.coyote.http11.Http11NioProtocol.log - Initializing ProtocolHandler ["http-nio-8081"]
2026-07-04 10:03:49.370 [service-a] [main] [] INFO  org.apache.catalina.core.StandardService.log - Starting service [Tomcat]
2026-07-04 10:03:49.370 [service-a] [main] [] INFO  org.apache.catalina.core.StandardEngine.log - Starting Servlet engine: [Apache Tomcat/11.0.22]
2026-07-04 10:03:49.410 [service-a] [main] [] INFO  o.s.b.w.c.servlet.WebApplicationContextInitializer.prepareWebApplicationContext - Root WebApplicationContext: initialization completed in 731 ms
2026-07-04 10:03:49.963 [service-a] [main] [] WARN  o.s.c.l.c.LoadBalancerCacheAutoConfiguration$LoadBalancerCaffeineWarnLogger.afterPropertiesSet - Spring Cloud LoadBalancer is currently working with the default cache. While this cache implementation is useful for development and tests, it's recommended to use Caffeine cache in production.You can switch to using Caffeine cache, by adding it and org.springframework.cache.caffeine.CaffeineCacheManager to the classpath.
2026-07-04 10:03:49.975 [service-a] [main] [] INFO  org.apache.coyote.http11.Http11NioProtocol.log - Starting ProtocolHandler ["http-nio-8081"]
2026-07-04 10:03:49.983 [service-a] [main] [] INFO  org.springframework.boot.tomcat.TomcatWebServer.start - Tomcat started on port 8081 (http) with context path '/'
2026-07-04 10:03:49.985 [service-a] [main] [] INFO  o.s.c.consul.serviceregistry.ConsulServiceRegistry.register - Registering service with consul: [NewService@6f15f52a id = 'service-a-8081', name = 'service-a', tags = list[[empty]], address = '192.168.1.39', meta = map['secure' -> 'false'], port = 8081, enableTagOverride = [null], check = [NewService.Check@1eb9bf60 args = [null], dockerContainerID = [null], shell = [null], interval = '10s', ttl = [null], http = 'http://192.168.1.39:8081/health', method = [null], header = map[[empty]], tcp = [null], timeout = '3s', deregisterCriticalServiceAfter = [null], tlsSkipVerify = [null], status = [null], grpc = [null], grpcUseTLS = [null]], checks = [null]]
2026-07-04 10:03:50.103 [service-a] [main] [] INFO  x.w.a.g.e.service.a.AExampleServiceABootstrap.logStarted - Started AExampleServiceABootstrap in 1.896 seconds (process running for 2.331)
2026-07-04 10:03:50.398 [service-a] [http-nio-8081-exec-1] [] INFO  o.a.c.core.ContainerBase.[Tomcat].[localhost].[/].log - Initializing Spring DispatcherServlet 'dispatcherServlet'
2026-07-04 10:03:50.399 [service-a] [http-nio-8081-exec-1] [] INFO  org.springframework.web.servlet.DispatcherServlet.initServletBean - Initializing Servlet 'dispatcherServlet'
2026-07-04 10:03:50.400 [service-a] [http-nio-8081-exec-1] [] INFO  org.springframework.web.servlet.DispatcherServlet.initServletBean - Completed initialization in 0 ms
2026-07-04 10:04:05.618 [service-a] [http-nio-8081-exec-3] [] INFO  x.w.a.g.e.service.a.controller.BasicController.hello - ===hello===: hello
2026-07-04 10:11:07.047 [service-a] [http-nio-8081-exec-7] [] INFO  x.w.a.g.e.service.a.controller.BasicController.hello - ===hello===: hello
2026-07-04 10:11:07.312 [service-a] [http-nio-8081-exec-8] [] INFO  x.w.a.g.e.service.a.controller.BasicController.hello - ===hello===: hello
2026-07-04 10:11:08.560 [service-a] [http-nio-8081-exec-9] [] INFO  x.w.a.g.e.service.a.controller.BasicController.hello - ===hello===: hello
2026-07-04 10:12:19.182 [autumn-gateway-examples-service-a] [main] [] INFO  x.w.a.g.e.service.b.BExampleServiceBBootstrap.logStarting - Starting BExampleServiceBBootstrap using Java 25.0.2 with PID 9623 (/Users/mac/work/project/autumn-gateway/autumn-gateway-examples/autumn-gateway-examples-service-b/target/classes started by mac in /Users/mac/work/project/autumn-gateway)
2026-07-04 10:12:19.185 [autumn-gateway-examples-service-a] [main] [] INFO  x.w.a.g.e.service.b.BExampleServiceBBootstrap.logStartupProfileInfo - No active profile set, falling back to 1 default profile: "default"
2026-07-04 10:12:19.721 [autumn-gateway-examples-service-a] [main] [] INFO  org.springframework.boot.tomcat.TomcatWebServer.initialize - Tomcat initialized with port 8082 (http)
2026-07-04 10:12:19.731 [autumn-gateway-examples-service-a] [main] [] INFO  org.apache.coyote.http11.Http11NioProtocol.log - Initializing ProtocolHandler ["http-nio-8082"]
2026-07-04 10:12:19.733 [autumn-gateway-examples-service-a] [main] [] INFO  org.apache.catalina.core.StandardService.log - Starting service [Tomcat]
2026-07-04 10:12:19.734 [autumn-gateway-examples-service-a] [main] [] INFO  org.apache.catalina.core.StandardEngine.log - Starting Servlet engine: [Apache Tomcat/11.0.22]
2026-07-04 10:12:19.764 [autumn-gateway-examples-service-a] [main] [] INFO  o.s.b.w.c.servlet.WebApplicationContextInitializer.prepareWebApplicationContext - Root WebApplicationContext: initialization completed in 543 ms
2026-07-04 10:12:19.972 [autumn-gateway-examples-service-a] [main] [] INFO  org.apache.coyote.http11.Http11NioProtocol.log - Starting ProtocolHandler ["http-nio-8082"]
2026-07-04 10:12:19.981 [autumn-gateway-examples-service-a] [main] [] INFO  org.springframework.boot.tomcat.TomcatWebServer.start - Tomcat started on port 8082 (http) with context path '/'
2026-07-04 10:12:19.985 [autumn-gateway-examples-service-a] [main] [] INFO  x.w.a.g.e.service.b.BExampleServiceBBootstrap.logStarted - Started BExampleServiceBBootstrap in 1.235 seconds (process running for 1.512)
2026-07-04 10:12:23.179 [service-a] [http-nio-8081-exec-9] [] INFO  x.w.a.g.e.service.a.controller.BasicController.hello - ===hello===: hello
2026-07-04 10:12:23.844 [service-a] [http-nio-8081-exec-10] [] INFO  x.w.a.g.e.service.a.controller.BasicController.hello - ===hello===: hello
2026-07-04 10:12:24.294 [service-a] [http-nio-8081-exec-1] [] INFO  x.w.a.g.e.service.a.controller.BasicController.hello - ===hello===: hello
2026-07-04 10:12:24.727 [service-a] [http-nio-8081-exec-2] [] INFO  x.w.a.g.e.service.a.controller.BasicController.hello - ===hello===: hello
2026-07-04 10:12:25.226 [service-a] [http-nio-8081-exec-3] [] INFO  x.w.a.g.e.service.a.controller.BasicController.hello - ===hello===: hello
2026-07-04 10:12:25.677 [service-a] [http-nio-8081-exec-4] [] INFO  x.w.a.g.e.service.a.controller.BasicController.hello - ===hello===: hello
2026-07-04 10:12:26.127 [service-a] [http-nio-8081-exec-5] [] INFO  x.w.a.g.e.service.a.controller.BasicController.hello - ===hello===: hello
2026-07-04 10:12:26.527 [service-a] [http-nio-8081-exec-6] [] INFO  x.w.a.g.e.service.a.controller.BasicController.hello - ===hello===: hello
2026-07-04 10:12:26.876 [service-a] [http-nio-8081-exec-7] [] INFO  x.w.a.g.e.service.a.controller.BasicController.hello - ===hello===: hello
2026-07-04 10:12:27.140 [service-a] [http-nio-8081-exec-8] [] INFO  x.w.a.g.e.service.a.controller.BasicController.hello - ===hello===: hello
2026-07-04 10:12:27.427 [service-a] [http-nio-8081-exec-9] [] INFO  x.w.a.g.e.service.a.controller.BasicController.hello - ===hello===: hello
2026-07-04 10:12:27.627 [service-a] [http-nio-8081-exec-10] [] INFO  x.w.a.g.e.service.a.controller.BasicController.hello - ===hello===: hello
2026-07-04 10:12:27.878 [service-a] [http-nio-8081-exec-1] [] INFO  x.w.a.g.e.service.a.controller.BasicController.hello - ===hello===: hello
2026-07-04 10:12:28.144 [service-a] [http-nio-8081-exec-2] [] INFO  x.w.a.g.e.service.a.controller.BasicController.hello - ===hello===: hello
2026-07-04 10:12:28.443 [service-a] [http-nio-8081-exec-3] [] INFO  x.w.a.g.e.service.a.controller.BasicController.hello - ===hello===: hello
2026-07-04 10:12:29.828 [service-a] [http-nio-8081-exec-4] [] INFO  x.w.a.g.e.service.a.controller.BasicController.hello - ===hello===: hello
2026-07-04 10:12:30.094 [service-a] [http-nio-8081-exec-5] [] INFO  x.w.a.g.e.service.a.controller.BasicController.hello - ===hello===: hello
2026-07-04 10:12:30.311 [service-a] [http-nio-8081-exec-6] [] INFO  x.w.a.g.e.service.a.controller.BasicController.hello - ===hello===: hello
2026-07-04 10:12:30.527 [service-a] [http-nio-8081-exec-7] [] INFO  x.w.a.g.e.service.a.controller.BasicController.hello - ===hello===: hello
2026-07-04 10:12:30.727 [service-a] [http-nio-8081-exec-8] [] INFO  x.w.a.g.e.service.a.controller.BasicController.hello - ===hello===: hello
2026-07-04 10:12:37.841 [service-a] [http-nio-8081-exec-10] [] INFO  x.w.a.g.e.service.a.controller.BasicController.hello - ===hello===: hello
2026-07-04 10:12:38.260 [service-a] [http-nio-8081-exec-1] [] INFO  x.w.a.g.e.service.a.controller.BasicController.hello - ===hello===: hello
2026-07-04 10:12:38.509 [service-a] [http-nio-8081-exec-2] [] INFO  x.w.a.g.e.service.a.controller.BasicController.hello - ===hello===: hello
2026-07-04 10:12:38.692 [service-a] [http-nio-8081-exec-3] [] INFO  x.w.a.g.e.service.a.controller.BasicController.hello - ===hello===: hello
2026-07-04 10:12:38.911 [service-a] [http-nio-8081-exec-4] [] INFO  x.w.a.g.e.service.a.controller.BasicController.hello - ===hello===: hello
2026-07-04 10:13:19.596 [autumn-gateway-examples-service-a] [SpringApplicationShutdownHook] [] INFO  org.springframework.boot.tomcat.GracefulShutdown.shutDownGracefully - Commencing graceful shutdown. Waiting for active requests to complete
2026-07-04 10:13:21.610 [autumn-gateway-examples-service-a] [tomcat-shutdown] [] INFO  org.springframework.boot.tomcat.GracefulShutdown.doShutdown - Graceful shutdown complete
2026-07-04 10:13:31.294 [autumn-gateway-examples-service-a] [main] [] INFO  x.w.a.g.e.service.b.BExampleServiceBBootstrap.logStarting - Starting BExampleServiceBBootstrap using Java 25.0.2 with PID 9652 (/Users/mac/work/project/autumn-gateway/autumn-gateway-examples/autumn-gateway-examples-service-b/target/classes started by mac in /Users/mac/work/project/autumn-gateway)
2026-07-04 10:13:31.296 [autumn-gateway-examples-service-a] [main] [] INFO  x.w.a.g.e.service.b.BExampleServiceBBootstrap.logStartupProfileInfo - No active profile set, falling back to 1 default profile: "default"
2026-07-04 10:13:31.406 [autumn-gateway-examples-service-a] [background-preinit] [] INFO  org.hibernate.validator.internal.util.Version.<clinit> - HV000001: Hibernate Validator 9.1.0.Final
2026-07-04 10:13:31.798 [autumn-gateway-examples-service-a] [main] [] INFO  o.springframework.cloud.context.scope.GenericScope.setSerializationId - BeanFactory id=d6472170-8ff0-3864-ba2c-3a0c3f995285
2026-07-04 10:13:31.986 [autumn-gateway-examples-service-a] [main] [] INFO  org.springframework.boot.tomcat.TomcatWebServer.initialize - Tomcat initialized with port 8082 (http)
2026-07-04 10:13:31.996 [autumn-gateway-examples-service-a] [main] [] INFO  org.apache.coyote.http11.Http11NioProtocol.log - Initializing ProtocolHandler ["http-nio-8082"]
2026-07-04 10:13:31.998 [autumn-gateway-examples-service-a] [main] [] INFO  org.apache.catalina.core.StandardService.log - Starting service [Tomcat]
2026-07-04 10:13:31.998 [autumn-gateway-examples-service-a] [main] [] INFO  org.apache.catalina.core.StandardEngine.log - Starting Servlet engine: [Apache Tomcat/11.0.22]
2026-07-04 10:13:32.039 [autumn-gateway-examples-service-a] [main] [] INFO  o.s.b.w.c.servlet.WebApplicationContextInitializer.prepareWebApplicationContext - Root WebApplicationContext: initialization completed in 709 ms
2026-07-04 10:13:32.623 [autumn-gateway-examples-service-a] [main] [] WARN  o.s.c.l.c.LoadBalancerCacheAutoConfiguration$LoadBalancerCaffeineWarnLogger.afterPropertiesSet - Spring Cloud LoadBalancer is currently working with the default cache. While this cache implementation is useful for development and tests, it's recommended to use Caffeine cache in production.You can switch to using Caffeine cache, by adding it and org.springframework.cache.caffeine.CaffeineCacheManager to the classpath.
2026-07-04 10:13:32.635 [autumn-gateway-examples-service-a] [main] [] INFO  org.apache.coyote.http11.Http11NioProtocol.log - Starting ProtocolHandler ["http-nio-8082"]
2026-07-04 10:13:32.643 [autumn-gateway-examples-service-a] [main] [] INFO  org.springframework.boot.tomcat.TomcatWebServer.start - Tomcat started on port 8082 (http) with context path '/'
2026-07-04 10:13:32.645 [autumn-gateway-examples-service-a] [main] [] INFO  o.s.c.consul.serviceregistry.ConsulServiceRegistry.register - Registering service with consul: [NewService@341c6ac2 id = 'autumn-gateway-examples-service-a-8082', name = 'autumn-gateway-examples-service-a', tags = list[[empty]], address = '192.168.1.39', meta = map['secure' -> 'false'], port = 8082, enableTagOverride = [null], check = [NewService.Check@38811103 args = [null], dockerContainerID = [null], shell = [null], interval = '10s', ttl = [null], http = 'http://192.168.1.39:8082/health', method = [null], header = map[[empty]], tcp = [null], timeout = '3s', deregisterCriticalServiceAfter = [null], tlsSkipVerify = [null], status = [null], grpc = [null], grpcUseTLS = [null]], checks = [null]]
2026-07-04 10:13:32.801 [autumn-gateway-examples-service-a] [main] [] INFO  x.w.a.g.e.service.b.BExampleServiceBBootstrap.logStarted - Started BExampleServiceBBootstrap in 2.011 seconds (process running for 2.432)
2026-07-04 10:13:33.959 [autumn-gateway-examples-service-a] [http-nio-8082-exec-1] [] INFO  o.a.c.core.ContainerBase.[Tomcat].[localhost].[/].log - Initializing Spring DispatcherServlet 'dispatcherServlet'
2026-07-04 10:13:33.959 [autumn-gateway-examples-service-a] [http-nio-8082-exec-1] [] INFO  org.springframework.web.servlet.DispatcherServlet.initServletBean - Initializing Servlet 'dispatcherServlet'
2026-07-04 10:13:33.960 [autumn-gateway-examples-service-a] [http-nio-8082-exec-1] [] INFO  org.springframework.web.servlet.DispatcherServlet.initServletBean - Completed initialization in 0 ms
2026-07-04 10:13:49.287 [autumn-gateway-examples-service-a] [SpringApplicationShutdownHook] [] INFO  org.springframework.boot.tomcat.GracefulShutdown.shutDownGracefully - Commencing graceful shutdown. Waiting for active requests to complete
2026-07-04 10:13:51.296 [autumn-gateway-examples-service-a] [tomcat-shutdown] [] INFO  org.springframework.boot.tomcat.GracefulShutdown.doShutdown - Graceful shutdown complete
2026-07-04 10:13:51.299 [autumn-gateway-examples-service-a] [SpringApplicationShutdownHook] [] INFO  o.s.c.consul.serviceregistry.ConsulServiceRegistry.deregister - Deregistering service with consul: autumn-gateway-examples-service-a-8082
2026-07-04 10:13:53.001 [service-a] [main] [] INFO  x.w.a.g.e.service.b.BExampleServiceBBootstrap.logStarting - Starting BExampleServiceBBootstrap using Java 25.0.2 with PID 9662 (/Users/mac/work/project/autumn-gateway/autumn-gateway-examples/autumn-gateway-examples-service-b/target/classes started by mac in /Users/mac/work/project/autumn-gateway)
2026-07-04 10:13:53.004 [service-a] [main] [] INFO  x.w.a.g.e.service.b.BExampleServiceBBootstrap.logStartupProfileInfo - No active profile set, falling back to 1 default profile: "default"
2026-07-04 10:13:53.117 [service-a] [background-preinit] [] INFO  org.hibernate.validator.internal.util.Version.<clinit> - HV000001: Hibernate Validator 9.1.0.Final
2026-07-04 10:13:53.504 [service-a] [main] [] INFO  o.springframework.cloud.context.scope.GenericScope.setSerializationId - BeanFactory id=d6472170-8ff0-3864-ba2c-3a0c3f995285
2026-07-04 10:13:53.695 [service-a] [main] [] INFO  org.springframework.boot.tomcat.TomcatWebServer.initialize - Tomcat initialized with port 8082 (http)
2026-07-04 10:13:53.706 [service-a] [main] [] INFO  org.apache.coyote.http11.Http11NioProtocol.log - Initializing ProtocolHandler ["http-nio-8082"]
2026-07-04 10:13:53.708 [service-a] [main] [] INFO  org.apache.catalina.core.StandardService.log - Starting service [Tomcat]
2026-07-04 10:13:53.708 [service-a] [main] [] INFO  org.apache.catalina.core.StandardEngine.log - Starting Servlet engine: [Apache Tomcat/11.0.22]
2026-07-04 10:13:53.748 [service-a] [main] [] INFO  o.s.b.w.c.servlet.WebApplicationContextInitializer.prepareWebApplicationContext - Root WebApplicationContext: initialization completed in 710 ms
2026-07-04 10:13:54.288 [service-a] [main] [] WARN  o.s.c.l.c.LoadBalancerCacheAutoConfiguration$LoadBalancerCaffeineWarnLogger.afterPropertiesSet - Spring Cloud LoadBalancer is currently working with the default cache. While this cache implementation is useful for development and tests, it's recommended to use Caffeine cache in production.You can switch to using Caffeine cache, by adding it and org.springframework.cache.caffeine.CaffeineCacheManager to the classpath.
2026-07-04 10:13:54.300 [service-a] [main] [] INFO  org.apache.coyote.http11.Http11NioProtocol.log - Starting ProtocolHandler ["http-nio-8082"]
2026-07-04 10:13:54.307 [service-a] [main] [] INFO  org.springframework.boot.tomcat.TomcatWebServer.start - Tomcat started on port 8082 (http) with context path '/'
2026-07-04 10:13:54.309 [service-a] [main] [] INFO  o.s.c.consul.serviceregistry.ConsulServiceRegistry.register - Registering service with consul: [NewService@341c6ac2 id = 'service-a-8082', name = 'service-a', tags = list[[empty]], address = '192.168.1.39', meta = map['secure' -> 'false'], port = 8082, enableTagOverride = [null], check = [NewService.Check@38811103 args = [null], dockerContainerID = [null], shell = [null], interval = '10s', ttl = [null], http = 'http://192.168.1.39:8082/health', method = [null], header = map[[empty]], tcp = [null], timeout = '3s', deregisterCriticalServiceAfter = [null], tlsSkipVerify = [null], status = [null], grpc = [null], grpcUseTLS = [null]], checks = [null]]
2026-07-04 10:13:54.433 [service-a] [main] [] INFO  x.w.a.g.e.service.b.BExampleServiceBBootstrap.logStarted - Started BExampleServiceBBootstrap in 1.873 seconds (process running for 2.318)
2026-07-04 10:14:02.330 [service-a] [http-nio-8082-exec-1] [] INFO  o.a.c.core.ContainerBase.[Tomcat].[localhost].[/].log - Initializing Spring DispatcherServlet 'dispatcherServlet'
2026-07-04 10:14:02.330 [service-a] [http-nio-8082-exec-1] [] INFO  org.springframework.web.servlet.DispatcherServlet.initServletBean - Initializing Servlet 'dispatcherServlet'
2026-07-04 10:14:02.331 [service-a] [http-nio-8082-exec-1] [] INFO  org.springframework.web.servlet.DispatcherServlet.initServletBean - Completed initialization in 1 ms
2026-07-04 10:14:10.876 [service-a] [http-nio-8081-exec-5] [] INFO  x.w.a.g.e.service.a.controller.BasicController.hello - ===hello===: hello
2026-07-04 10:14:11.402 [service-a] [http-nio-8082-exec-2] [] INFO  x.w.a.g.e.service.b.controller.BasicController.hello - ===hello===: hello
2026-07-04 10:14:11.876 [service-a] [http-nio-8081-exec-6] [] INFO  x.w.a.g.e.service.a.controller.BasicController.hello - ===hello===: hello
2026-07-04 10:14:12.243 [service-a] [http-nio-8082-exec-3] [] INFO  x.w.a.g.e.service.b.controller.BasicController.hello - ===hello===: hello
2026-07-04 10:14:12.491 [service-a] [http-nio-8081-exec-8] [] INFO  x.w.a.g.e.service.a.controller.BasicController.hello - ===hello===: hello
2026-07-04 10:14:12.708 [service-a] [http-nio-8082-exec-5] [] INFO  x.w.a.g.e.service.b.controller.BasicController.hello - ===hello===: hello
2026-07-04 10:14:12.924 [service-a] [http-nio-8081-exec-9] [] INFO  x.w.a.g.e.service.a.controller.BasicController.hello - ===hello===: hello
2026-07-04 10:14:13.191 [service-a] [http-nio-8082-exec-6] [] INFO  x.w.a.g.e.service.b.controller.BasicController.hello - ===hello===: hello
2026-07-04 10:14:13.359 [service-a] [http-nio-8081-exec-10] [] INFO  x.w.a.g.e.service.a.controller.BasicController.hello - ===hello===: hello
2026-07-04 10:14:18.794 [service-a] [SpringApplicationShutdownHook] [] INFO  org.springframework.boot.tomcat.GracefulShutdown.shutDownGracefully - Commencing graceful shutdown. Waiting for active requests to complete
2026-07-04 10:14:18.795 [service-a] [SpringApplicationShutdownHook] [] INFO  org.springframework.boot.tomcat.GracefulShutdown.shutDownGracefully - Commencing graceful shutdown. Waiting for active requests to complete
2026-07-04 10:14:20.802 [service-a] [tomcat-shutdown] [] INFO  org.springframework.boot.tomcat.GracefulShutdown.doShutdown - Graceful shutdown complete
2026-07-04 10:14:20.805 [service-a] [tomcat-shutdown] [] INFO  org.springframework.boot.tomcat.GracefulShutdown.doShutdown - Graceful shutdown complete
2026-07-04 10:14:20.806 [service-a] [SpringApplicationShutdownHook] [] INFO  o.s.c.consul.serviceregistry.ConsulServiceRegistry.deregister - Deregistering service with consul: service-a-8082
2026-07-04 10:14:20.808 [service-a] [SpringApplicationShutdownHook] [] INFO  o.s.c.consul.serviceregistry.ConsulServiceRegistry.deregister - Deregistering service with consul: service-a-8081
