2026-07-01 21:51:47.299 [autumn-gateway-examples-service-a] [main] [] INFO  x.w.a.g.examples.basic.ExampleServiceABootstrap.logStarting - Starting ExampleServiceABootstrap using Java 25.0.2 with PID 54509 (/Users/mac/work/project/autumn-gateway/autumn-gateway-examples/autumn-gateway-examples-service-a/target/classes started by mac in /Users/mac/work/project/autumn-gateway)
2026-07-01 21:51:47.301 [autumn-gateway-examples-service-a] [main] [] INFO  x.w.a.g.examples.basic.ExampleServiceABootstrap.logStartupProfileInfo - No active profile set, falling back to 1 default profile: "default"
2026-07-01 21:51:47.845 [autumn-gateway-examples-service-a] [main] [] INFO  org.springframework.boot.tomcat.TomcatWebServer.initialize - Tomcat initialized with port 8081 (http)
2026-07-01 21:51:47.856 [autumn-gateway-examples-service-a] [main] [] INFO  org.apache.coyote.http11.Http11NioProtocol.log - Initializing ProtocolHandler ["http-nio-8081"]
2026-07-01 21:51:47.858 [autumn-gateway-examples-service-a] [main] [] INFO  org.apache.catalina.core.StandardService.log - Starting service [Tomcat]
2026-07-01 21:51:47.859 [autumn-gateway-examples-service-a] [main] [] INFO  org.apache.catalina.core.StandardEngine.log - Starting Servlet engine: [Apache Tomcat/11.0.22]
2026-07-01 21:51:47.891 [autumn-gateway-examples-service-a] [main] [] INFO  o.s.b.w.c.servlet.WebApplicationContextInitializer.prepareWebApplicationContext - Root WebApplicationContext: initialization completed in 553 ms
2026-07-01 21:51:48.107 [autumn-gateway-examples-service-a] [main] [] INFO  org.apache.coyote.http11.Http11NioProtocol.log - Starting ProtocolHandler ["http-nio-8081"]
2026-07-01 21:51:48.117 [autumn-gateway-examples-service-a] [main] [] INFO  org.springframework.boot.tomcat.TomcatWebServer.start - Tomcat started on port 8081 (http) with context path '/'
2026-07-01 21:51:48.121 [autumn-gateway-examples-service-a] [main] [] INFO  x.w.a.g.examples.basic.ExampleServiceABootstrap.logStarted - Started ExampleServiceABootstrap in 1.258 seconds (process running for 1.534)
2026-07-01 21:52:06.169 [autumn-gateway-examples-service-a] [http-nio-8081-exec-1] [] INFO  o.a.c.core.ContainerBase.[Tomcat].[localhost].[/].log - Initializing Spring DispatcherServlet 'dispatcherServlet'
2026-07-01 21:52:06.169 [autumn-gateway-examples-service-a] [http-nio-8081-exec-1] [] INFO  org.springframework.web.servlet.DispatcherServlet.initServletBean - Initializing Servlet 'dispatcherServlet'
2026-07-01 21:52:06.170 [autumn-gateway-examples-service-a] [http-nio-8081-exec-1] [] INFO  org.springframework.web.servlet.DispatcherServlet.initServletBean - Completed initialization in 0 ms
2026-07-01 21:52:06.203 [autumn-gateway-examples-service-a] [http-nio-8081-exec-1] [] INFO  x.w.a.g.examples.basic.controller.BasicController.hello - ===hello===: null
2026-07-01 21:52:06.207 [autumn-gateway-examples-service-a] [http-nio-8081-exec-1] [] ERROR o.a.c.c.C.[.[localhost].[/].[dispatcherServlet].log - Servlet.service() for servlet [dispatcherServlet] in context with path [] threw exception [Request processing failed: java.lang.NullPointerException: Cannot invoke "String.isEmpty()" because "str" is null] with root cause
java.lang.NullPointerException: Cannot invoke "String.isEmpty()" because "str" is null
	at java.base/java.lang.String.concat(String.java:2961)
	at xyz.wewin.autumn.gateway.examples.basic.controller.BasicController.hello(BasicController.java:15)
	at java.base/jdk.internal.reflect.DirectMethodHandleAccessor.invoke(DirectMethodHandleAccessor.java:104)
	at java.base/java.lang.reflect.Method.invoke(Method.java:565)
	at org.springframework.web.method.support.InvocableHandlerMethod.doInvoke(InvocableHandlerMethod.java:252)
	at org.springframework.web.method.support.InvocableHandlerMethod.invokeForRequest(InvocableHandlerMethod.java:184)
	at org.springframework.web.servlet.mvc.method.annotation.ServletInvocableHandlerMethod.invokeAndHandle(ServletInvocableHandlerMethod.java:117)
	at org.springframework.web.servlet.mvc.method.annotation.RequestMappingHandlerAdapter.invokeHandlerMethod(RequestMappingHandlerAdapter.java:934)
	at org.springframework.web.servlet.mvc.method.annotation.RequestMappingHandlerAdapter.handleInternal(RequestMappingHandlerAdapter.java:853)
	at org.springframework.web.servlet.mvc.method.AbstractHandlerMethodAdapter.handle(AbstractHandlerMethodAdapter.java:86)
	at org.springframework.web.servlet.DispatcherServlet.doDispatch(DispatcherServlet.java:963)
	at org.springframework.web.servlet.DispatcherServlet.doService(DispatcherServlet.java:866)
	at org.springframework.web.servlet.FrameworkServlet.processRequest(FrameworkServlet.java:1000)
	at org.springframework.web.servlet.FrameworkServlet.doGet(FrameworkServlet.java:892)
	at jakarta.servlet.http.HttpServlet.service(HttpServlet.java:622)
	at org.springframework.web.servlet.FrameworkServlet.service(FrameworkServlet.java:874)
	at jakarta.servlet.http.HttpServlet.service(HttpServlet.java:710)
	at org.apache.catalina.core.ApplicationFilterChain.doFilter(ApplicationFilterChain.java:128)
	at org.apache.tomcat.websocket.server.WsFilter.doFilter(WsFilter.java:53)
	at org.apache.catalina.core.ApplicationFilterChain.doFilter(ApplicationFilterChain.java:107)
	at org.springframework.web.filter.RequestContextFilter.doFilterInternal(RequestContextFilter.java:100)
	at org.springframework.web.filter.OncePerRequestFilter.doFilter(OncePerRequestFilter.java:116)
	at org.apache.catalina.core.ApplicationFilterChain.doFilter(ApplicationFilterChain.java:107)
	at org.springframework.web.filter.FormContentFilter.doFilterInternal(FormContentFilter.java:93)
	at org.springframework.web.filter.OncePerRequestFilter.doFilter(OncePerRequestFilter.java:116)
	at org.apache.catalina.core.ApplicationFilterChain.doFilter(ApplicationFilterChain.java:107)
	at org.springframework.web.filter.CharacterEncodingFilter.doFilterInternal(CharacterEncodingFilter.java:199)
	at org.springframework.web.filter.OncePerRequestFilter.doFilter(OncePerRequestFilter.java:116)
	at org.apache.catalina.core.ApplicationFilterChain.doFilter(ApplicationFilterChain.java:107)
	at org.apache.catalina.core.StandardWrapperValve.invoke(StandardWrapperValve.java:165)
	at org.apache.catalina.core.StandardContextValve.invoke(StandardContextValve.java:77)
	at org.apache.catalina.authenticator.AuthenticatorBase.invoke(AuthenticatorBase.java:492)
	at org.apache.catalina.core.StandardHostValve.invoke(StandardHostValve.java:113)
	at org.apache.catalina.valves.ErrorReportValve.invoke(ErrorReportValve.java:83)
	at org.apache.catalina.core.StandardEngineValve.invoke(StandardEngineValve.java:72)
	at org.apache.catalina.connector.CoyoteAdapter.service(CoyoteAdapter.java:341)
	at org.apache.coyote.http11.Http11Processor.service(Http11Processor.java:397)
	at org.apache.coyote.AbstractProcessorLight.process(AbstractProcessorLight.java:63)
	at org.apache.coyote.AbstractProtocol$ConnectionHandler.process(AbstractProtocol.java:1272)
	at org.apache.tomcat.util.net.NioEndpoint$SocketProcessor.doRun(NioEndpoint.java:1801)
	at org.apache.tomcat.util.net.SocketProcessorBase.run(SocketProcessorBase.java:52)
	at org.apache.tomcat.util.threads.ThreadPoolExecutor.runWorker(ThreadPoolExecutor.java:946)
	at org.apache.tomcat.util.threads.ThreadPoolExecutor$Worker.run(ThreadPoolExecutor.java:480)
	at org.apache.tomcat.util.threads.TaskThread$WrappingRunnable.run(TaskThread.java:57)
	at java.base/java.lang.Thread.run(Thread.java:1474)
2026-07-01 21:53:15.876 [autumn-gateway-examples-service-a] [SpringApplicationShutdownHook] [] INFO  org.springframework.boot.tomcat.GracefulShutdown.shutDownGracefully - Commencing graceful shutdown. Waiting for active requests to complete
2026-07-01 21:53:15.882 [autumn-gateway-examples-service-a] [tomcat-shutdown] [] INFO  org.springframework.boot.tomcat.GracefulShutdown.doShutdown - Graceful shutdown complete
2026-07-01 21:53:18.072 [autumn-gateway-examples-service-a] [main] [] INFO  x.w.a.g.examples.basic.ExampleServiceABootstrap.logStarting - Starting ExampleServiceABootstrap using Java 25.0.2 with PID 54563 (/Users/mac/work/project/autumn-gateway/autumn-gateway-examples/autumn-gateway-examples-service-a/target/classes started by mac in /Users/mac/work/project/autumn-gateway)
2026-07-01 21:53:18.075 [autumn-gateway-examples-service-a] [main] [] INFO  x.w.a.g.examples.basic.ExampleServiceABootstrap.logStartupProfileInfo - No active profile set, falling back to 1 default profile: "default"
2026-07-01 21:53:18.611 [autumn-gateway-examples-service-a] [main] [] INFO  org.springframework.boot.tomcat.TomcatWebServer.initialize - Tomcat initialized with port 8081 (http)
2026-07-01 21:53:18.622 [autumn-gateway-examples-service-a] [main] [] INFO  org.apache.coyote.http11.Http11NioProtocol.log - Initializing ProtocolHandler ["http-nio-8081"]
2026-07-01 21:53:18.623 [autumn-gateway-examples-service-a] [main] [] INFO  org.apache.catalina.core.StandardService.log - Starting service [Tomcat]
2026-07-01 21:53:18.624 [autumn-gateway-examples-service-a] [main] [] INFO  org.apache.catalina.core.StandardEngine.log - Starting Servlet engine: [Apache Tomcat/11.0.22]
2026-07-01 21:53:18.655 [autumn-gateway-examples-service-a] [main] [] INFO  o.s.b.w.c.servlet.WebApplicationContextInitializer.prepareWebApplicationContext - Root WebApplicationContext: initialization completed in 545 ms
2026-07-01 21:53:18.876 [autumn-gateway-examples-service-a] [main] [] INFO  org.apache.coyote.http11.Http11NioProtocol.log - Starting ProtocolHandler ["http-nio-8081"]
2026-07-01 21:53:18.886 [autumn-gateway-examples-service-a] [main] [] INFO  org.springframework.boot.tomcat.TomcatWebServer.start - Tomcat started on port 8081 (http) with context path '/'
2026-07-01 21:53:18.890 [autumn-gateway-examples-service-a] [main] [] INFO  x.w.a.g.examples.basic.ExampleServiceABootstrap.logStarted - Started ExampleServiceABootstrap in 1.294 seconds (process running for 1.571)
2026-07-01 21:53:20.534 [autumn-gateway-examples-service-a] [http-nio-8081-exec-1] [] INFO  o.a.c.core.ContainerBase.[Tomcat].[localhost].[/].log - Initializing Spring DispatcherServlet 'dispatcherServlet'
2026-07-01 21:53:20.534 [autumn-gateway-examples-service-a] [http-nio-8081-exec-1] [] INFO  org.springframework.web.servlet.DispatcherServlet.initServletBean - Initializing Servlet 'dispatcherServlet'
2026-07-01 21:53:20.535 [autumn-gateway-examples-service-a] [http-nio-8081-exec-1] [] INFO  org.springframework.web.servlet.DispatcherServlet.initServletBean - Completed initialization in 0 ms
2026-07-01 21:53:20.566 [autumn-gateway-examples-service-a] [http-nio-8081-exec-1] [] INFO  x.w.a.g.examples.basic.controller.BasicController.hello - ===hello===: hello
2026-07-01 21:54:07.172 [autumn-gateway-examples-service-b] [main] [] INFO  x.w.a.g.examples.basic.ExampleServiceBBootstrap.logStarting - Starting ExampleServiceBBootstrap using Java 25.0.2 with PID 54592 (/Users/mac/work/project/autumn-gateway/autumn-gateway-examples/autumn-gateway-examples-service-b/target/classes started by mac in /Users/mac/work/project/autumn-gateway)
2026-07-01 21:54:07.174 [autumn-gateway-examples-service-b] [main] [] INFO  x.w.a.g.examples.basic.ExampleServiceBBootstrap.logStartupProfileInfo - No active profile set, falling back to 1 default profile: "default"
2026-07-01 21:54:07.766 [autumn-gateway-examples-service-b] [main] [] INFO  org.springframework.boot.tomcat.TomcatWebServer.initialize - Tomcat initialized with port 8082 (http)
2026-07-01 21:54:07.776 [autumn-gateway-examples-service-b] [main] [] INFO  org.apache.coyote.http11.Http11NioProtocol.log - Initializing ProtocolHandler ["http-nio-8082"]
2026-07-01 21:54:07.777 [autumn-gateway-examples-service-b] [main] [] INFO  org.apache.catalina.core.StandardService.log - Starting service [Tomcat]
2026-07-01 21:54:07.778 [autumn-gateway-examples-service-b] [main] [] INFO  org.apache.catalina.core.StandardEngine.log - Starting Servlet engine: [Apache Tomcat/11.0.22]
2026-07-01 21:54:07.809 [autumn-gateway-examples-service-b] [main] [] INFO  o.s.b.w.c.servlet.WebApplicationContextInitializer.prepareWebApplicationContext - Root WebApplicationContext: initialization completed in 600 ms
2026-07-01 21:54:08.022 [autumn-gateway-examples-service-b] [main] [] INFO  org.apache.coyote.http11.Http11NioProtocol.log - Starting ProtocolHandler ["http-nio-8082"]
2026-07-01 21:54:08.033 [autumn-gateway-examples-service-b] [main] [] INFO  org.springframework.boot.tomcat.TomcatWebServer.start - Tomcat started on port 8082 (http) with context path '/'
2026-07-01 21:54:08.037 [autumn-gateway-examples-service-b] [main] [] INFO  x.w.a.g.examples.basic.ExampleServiceBBootstrap.logStarted - Started ExampleServiceBBootstrap in 1.299 seconds (process running for 1.585)
2026-07-01 21:54:09.988 [autumn-gateway-examples-service-b] [http-nio-8082-exec-1] [] INFO  o.a.c.core.ContainerBase.[Tomcat].[localhost].[/].log - Initializing Spring DispatcherServlet 'dispatcherServlet'
2026-07-01 21:54:09.989 [autumn-gateway-examples-service-b] [http-nio-8082-exec-1] [] INFO  org.springframework.web.servlet.DispatcherServlet.initServletBean - Initializing Servlet 'dispatcherServlet'
2026-07-01 21:54:09.990 [autumn-gateway-examples-service-b] [http-nio-8082-exec-1] [] INFO  org.springframework.web.servlet.DispatcherServlet.initServletBean - Completed initialization in 1 ms
2026-07-01 21:54:10.020 [autumn-gateway-examples-service-b] [http-nio-8082-exec-1] [] INFO  x.w.a.g.examples.basic.controller.BasicController.hello - ===hello===: hello
2026-07-01 22:01:56.512 [autumn-gateway-examples-service-a] [http-nio-8081-exec-3] [] INFO  x.w.a.g.examples.basic.controller.BasicController.hello - ===hello===: hello
2026-07-01 22:02:43.304 [autumn-gateway-examples-service-a] [http-nio-8081-exec-5] [] INFO  x.w.a.g.examples.basic.controller.BasicController.hello - ===hello===: hello
2026-07-01 22:02:45.412 [autumn-gateway-examples-service-a] [http-nio-8081-exec-6] [] INFO  x.w.a.g.examples.basic.controller.BasicController.hello - ===hello===: hello
2026-07-01 22:05:16.272 [autumn-gateway-examples-service-a] [SpringApplicationShutdownHook] [] INFO  org.springframework.boot.tomcat.GracefulShutdown.shutDownGracefully - Commencing graceful shutdown. Waiting for active requests to complete
2026-07-01 22:05:16.272 [autumn-gateway-examples-service-b] [SpringApplicationShutdownHook] [] INFO  org.springframework.boot.tomcat.GracefulShutdown.shutDownGracefully - Commencing graceful shutdown. Waiting for active requests to complete
2026-07-01 22:05:16.279 [autumn-gateway-examples-service-b] [tomcat-shutdown] [] INFO  org.springframework.boot.tomcat.GracefulShutdown.doShutdown - Graceful shutdown complete
2026-07-01 22:05:16.279 [autumn-gateway-examples-service-a] [tomcat-shutdown] [] INFO  org.springframework.boot.tomcat.GracefulShutdown.doShutdown - Graceful shutdown complete
2026-07-01 23:37:20.250 [autumn-gateway-examples-service-a] [main] [] INFO  x.w.a.g.examples.basic.ExampleServiceABootstrap.logStarting - Starting ExampleServiceABootstrap using Java 25.0.2 with PID 58243 (/Users/mac/work/project/autumn-gateway/autumn-gateway-examples/autumn-gateway-examples-service-a/target/classes started by mac in /Users/mac/work/project/autumn-gateway)
2026-07-01 23:37:20.253 [autumn-gateway-examples-service-a] [main] [] INFO  x.w.a.g.examples.basic.ExampleServiceABootstrap.logStartupProfileInfo - No active profile set, falling back to 1 default profile: "default"
2026-07-01 23:37:20.793 [autumn-gateway-examples-service-a] [main] [] INFO  org.springframework.boot.tomcat.TomcatWebServer.initialize - Tomcat initialized with port 8081 (http)
2026-07-01 23:37:20.803 [autumn-gateway-examples-service-a] [main] [] INFO  org.apache.coyote.http11.Http11NioProtocol.log - Initializing ProtocolHandler ["http-nio-8081"]
2026-07-01 23:37:20.805 [autumn-gateway-examples-service-a] [main] [] INFO  org.apache.catalina.core.StandardService.log - Starting service [Tomcat]
2026-07-01 23:37:20.805 [autumn-gateway-examples-service-a] [main] [] INFO  org.apache.catalina.core.StandardEngine.log - Starting Servlet engine: [Apache Tomcat/11.0.22]
2026-07-01 23:37:20.837 [autumn-gateway-examples-service-a] [main] [] INFO  o.s.b.w.c.servlet.WebApplicationContextInitializer.prepareWebApplicationContext - Root WebApplicationContext: initialization completed in 547 ms
2026-07-01 23:37:21.056 [autumn-gateway-examples-service-a] [main] [] INFO  org.apache.coyote.http11.Http11NioProtocol.log - Starting ProtocolHandler ["http-nio-8081"]
2026-07-01 23:37:21.066 [autumn-gateway-examples-service-a] [main] [] INFO  org.springframework.boot.tomcat.TomcatWebServer.start - Tomcat started on port 8081 (http) with context path '/'
2026-07-01 23:37:21.069 [autumn-gateway-examples-service-a] [main] [] INFO  x.w.a.g.examples.basic.ExampleServiceABootstrap.logStarted - Started ExampleServiceABootstrap in 1.246 seconds (process running for 1.538)
2026-07-01 23:41:27.114 [autumn-gateway-examples-service-a] [http-nio-8081-exec-1] [] INFO  o.a.c.core.ContainerBase.[Tomcat].[localhost].[/].log - Initializing Spring DispatcherServlet 'dispatcherServlet'
2026-07-01 23:41:27.115 [autumn-gateway-examples-service-a] [http-nio-8081-exec-1] [] INFO  org.springframework.web.servlet.DispatcherServlet.initServletBean - Initializing Servlet 'dispatcherServlet'
2026-07-01 23:41:27.115 [autumn-gateway-examples-service-a] [http-nio-8081-exec-1] [] INFO  org.springframework.web.servlet.DispatcherServlet.initServletBean - Completed initialization in 0 ms
2026-07-01 23:41:27.142 [autumn-gateway-examples-service-a] [http-nio-8081-exec-1] [] INFO  x.w.a.g.examples.basic.controller.BasicController.hello - ===hello===: hello
2026-07-01 23:41:56.682 [autumn-gateway-examples-service-a] [SpringApplicationShutdownHook] [] INFO  org.springframework.boot.tomcat.GracefulShutdown.shutDownGracefully - Commencing graceful shutdown. Waiting for active requests to complete
2026-07-01 23:41:56.688 [autumn-gateway-examples-service-a] [tomcat-shutdown] [] INFO  org.springframework.boot.tomcat.GracefulShutdown.doShutdown - Graceful shutdown complete
