2026-07-05 18:02:22.111 [service-a] [main] [] INFO  x.w.a.g.e.service.a.AExampleServiceABootstrap.logStarting - Starting AExampleServiceABootstrap using Java 25.0.2 with PID 44144 (/Users/mac/work/project/autumn-gateway/autumn-gateway-examples/autumn-gateway-examples-service-a/target/classes started by mac in /Users/mac/work/project/autumn-gateway)
2026-07-05 18:02:22.113 [service-a] [main] [] INFO  x.w.a.g.e.service.a.AExampleServiceABootstrap.logStartupProfileInfo - No active profile set, falling back to 1 default profile: "default"
2026-07-05 18:02:22.232 [service-a] [background-preinit] [] INFO  org.hibernate.validator.internal.util.Version.<clinit> - HV000001: Hibernate Validator 9.1.0.Final
2026-07-05 18:02:22.649 [service-a] [main] [] INFO  o.springframework.cloud.context.scope.GenericScope.setSerializationId - BeanFactory id=d599cb69-c648-33e4-855c-c525396ee83e
2026-07-05 18:02:22.885 [service-a] [main] [] INFO  org.springframework.boot.tomcat.TomcatWebServer.initialize - Tomcat initialized with port 8081 (http)
2026-07-05 18:02:22.897 [service-a] [main] [] INFO  org.apache.coyote.http11.Http11NioProtocol.log - Initializing ProtocolHandler ["http-nio-8081"]
2026-07-05 18:02:22.899 [service-a] [main] [] INFO  org.apache.catalina.core.StandardService.log - Starting service [Tomcat]
2026-07-05 18:02:22.899 [service-a] [main] [] INFO  org.apache.catalina.core.StandardEngine.log - Starting Servlet engine: [Apache Tomcat/11.0.22]
2026-07-05 18:02:22.942 [service-a] [main] [] INFO  o.s.b.w.c.servlet.WebApplicationContextInitializer.prepareWebApplicationContext - Root WebApplicationContext: initialization completed in 794 ms
2026-07-05 18:02:23.498 [service-a] [main] [] WARN  o.s.c.l.c.LoadBalancerCacheAutoConfiguration$LoadBalancerCaffeineWarnLogger.afterPropertiesSet - Spring Cloud LoadBalancer is currently working with the default cache. While this cache implementation is useful for development and tests, it's recommended to use Caffeine cache in production.You can switch to using Caffeine cache, by adding it and org.springframework.cache.caffeine.CaffeineCacheManager to the classpath.
2026-07-05 18:02:23.510 [service-a] [main] [] INFO  org.apache.coyote.http11.Http11NioProtocol.log - Starting ProtocolHandler ["http-nio-8081"]
2026-07-05 18:02:23.518 [service-a] [main] [] INFO  org.springframework.boot.tomcat.TomcatWebServer.start - Tomcat started on port 8081 (http) with context path '/'
2026-07-05 18:02:23.520 [service-a] [main] [] INFO  o.s.c.consul.serviceregistry.ConsulServiceRegistry.register - Registering service with consul: [NewService@625487a6 id = 'service-a-8081', name = 'service-a', tags = list[[empty]], address = '192.168.1.39', meta = map['secure' -> 'false'], port = 8081, enableTagOverride = [null], check = [NewService.Check@682e445e args = [null], dockerContainerID = [null], shell = [null], interval = '10s', ttl = [null], http = 'http://192.168.1.39:8081/health', method = [null], header = map[[empty]], tcp = [null], timeout = '3s', deregisterCriticalServiceAfter = [null], tlsSkipVerify = [null], status = [null], grpc = [null], grpcUseTLS = [null]], checks = [null]]
2026-07-05 18:02:23.698 [service-a] [main] [] INFO  x.w.a.g.e.service.a.AExampleServiceABootstrap.logStarted - Started AExampleServiceABootstrap in 2.237 seconds (process running for 2.676)
2026-07-05 18:02:28.869 [service-a] [http-nio-8081-exec-1] [] INFO  o.a.c.core.ContainerBase.[Tomcat].[localhost].[/].log - Initializing Spring DispatcherServlet 'dispatcherServlet'
2026-07-05 18:02:28.869 [service-a] [http-nio-8081-exec-1] [] INFO  org.springframework.web.servlet.DispatcherServlet.initServletBean - Initializing Servlet 'dispatcherServlet'
2026-07-05 18:02:28.870 [service-a] [http-nio-8081-exec-1] [] INFO  org.springframework.web.servlet.DispatcherServlet.initServletBean - Completed initialization in 1 ms
2026-07-05 18:02:28.894 [service-a] [http-nio-8081-exec-1] [] INFO  x.w.a.g.e.service.a.controller.BasicController.hello - ===hello===: hello
2026-07-05 18:05:00.947 [service-a] [http-nio-8081-exec-8] [] INFO  x.w.a.g.e.service.a.controller.BasicController.hello - ===hello===: hello
2026-07-05 18:05:28.849 [service-a] [http-nio-8081-exec-2] [] INFO  x.w.a.g.e.service.a.controller.BasicController.hello - ===hello===: hello
2026-07-05 18:09:58.697 [service-a] [http-nio-8081-exec-1] [] INFO  x.w.a.g.e.service.a.controller.BasicController.hello - ===hello===: hello
2026-07-05 18:15:26.392 [service-a] [http-nio-8081-exec-6] [] INFO  x.w.a.g.e.service.a.controller.BasicController.hello - ===hello===: hello
2026-07-05 18:15:52.221 [service-a] [http-nio-8081-exec-9] [] INFO  x.w.a.g.e.service.a.controller.BasicController.hello - ===hello===: hello
2026-07-05 18:17:04.183 [service-a] [SpringApplicationShutdownHook] [] INFO  org.springframework.boot.tomcat.GracefulShutdown.shutDownGracefully - Commencing graceful shutdown. Waiting for active requests to complete
2026-07-05 18:17:04.187 [service-a] [tomcat-shutdown] [] INFO  org.springframework.boot.tomcat.GracefulShutdown.doShutdown - Graceful shutdown complete
2026-07-05 18:17:04.190 [service-a] [SpringApplicationShutdownHook] [] INFO  o.s.c.consul.serviceregistry.ConsulServiceRegistry.deregister - Deregistering service with consul: service-a-8081
2026-07-05 18:17:04.191 [service-a] [catalogWatchTaskScheduler-1] [] ERROR o.s.cloud.consul.discovery.ConsulCatalogWatch.catalogServicesWatch - Error watching Consul CatalogServices
org.springframework.web.client.ResourceAccessException: I/O error on GET request for "http://192.168.1.16:8500/v1/catalog/services": Request was interrupted: null
	at org.springframework.web.client.DefaultRestClient$DefaultRequestBodyUriSpec.createResourceAccessException(DefaultRestClient.java:779)
	at org.springframework.web.client.DefaultRestClient$DefaultRequestBodyUriSpec.exchangeInternal(DefaultRestClient.java:624)
	at org.springframework.web.client.DefaultRestClient$DefaultRequestBodyUriSpec.exchange(DefaultRestClient.java:572)
	at org.springframework.web.client.RestClient$RequestHeadersSpec.exchange(RestClient.java:747)
	at org.springframework.web.client.DefaultRestClient$DefaultResponseSpec.executeAndExtract(DefaultRestClient.java:924)
	at org.springframework.web.client.DefaultRestClient$DefaultResponseSpec.toEntityInternal(DefaultRestClient.java:870)
	at org.springframework.web.client.DefaultRestClient$DefaultResponseSpec.toEntity(DefaultRestClient.java:866)
	at org.springframework.web.client.support.RestClientAdapter.exchangeForEntity(RestClientAdapter.java:86)
	at org.springframework.web.service.invoker.HttpServiceMethod$ExchangeResponseFunction.lambda$create$3(HttpServiceMethod.java:440)
	at org.springframework.web.service.invoker.HttpServiceMethod$ExchangeResponseFunction.execute(HttpServiceMethod.java:401)
	at org.springframework.web.service.invoker.HttpServiceMethod.invoke(HttpServiceMethod.java:136)
	at org.springframework.web.service.invoker.HttpServiceProxyFactory$HttpServiceMethodInterceptor.invoke(HttpServiceProxyFactory.java:300)
	at org.springframework.aop.framework.ReflectiveMethodInvocation.proceed(ReflectiveMethodInvocation.java:179)
	at org.springframework.aop.framework.JdkDynamicAopProxy.invoke(JdkDynamicAopProxy.java:222)
	at jdk.proxy2/jdk.proxy2.$Proxy83.getCatalogServices(Unknown Source)
	at org.springframework.cloud.consul.discovery.ConsulCatalogWatch.catalogServicesWatch(ConsulCatalogWatch.java:129)
	at org.springframework.scheduling.support.DelegatingErrorHandlingRunnable.run(DelegatingErrorHandlingRunnable.java:54)
	at java.base/java.util.concurrent.Executors$RunnableAdapter.call(Executors.java:545)
	at java.base/java.util.concurrent.FutureTask.runAndReset(FutureTask.java:369)
	at java.base/java.util.concurrent.ScheduledThreadPoolExecutor$ScheduledFutureTask.run(ScheduledThreadPoolExecutor.java:310)
	at java.base/java.util.concurrent.ThreadPoolExecutor.runWorker(ThreadPoolExecutor.java:1090)
	at java.base/java.util.concurrent.ThreadPoolExecutor$Worker.run(ThreadPoolExecutor.java:614)
	at java.base/java.lang.Thread.run(Thread.java:1474)
Caused by: java.io.IOException: Request was interrupted: null
	at org.springframework.http.client.JdkClientHttpRequest.executeInternal(JdkClientHttpRequest.java:133)
	at org.springframework.http.client.AbstractStreamingClientHttpRequest.executeInternal(AbstractStreamingClientHttpRequest.java:87)
	at org.springframework.http.client.AbstractClientHttpRequest.execute(AbstractClientHttpRequest.java:80)
	at org.springframework.web.client.DefaultRestClient$DefaultRequestBodyUriSpec.exchangeInternal(DefaultRestClient.java:614)
	... 21 common frames omitted
Caused by: java.lang.InterruptedException
	at java.base/java.util.concurrent.CompletableFuture.reportGet(CompletableFuture.java:430)
	at java.base/java.util.concurrent.CompletableFuture.get(CompletableFuture.java:2094)
	at org.springframework.http.client.JdkClientHttpRequest.executeInternal(JdkClientHttpRequest.java:126)
	... 24 common frames omitted
